// Jest Snapshot v1, https://goo.gl/fbAQLP

exports[`Login Page should compile 1`] = `
<bc-login-page
  __ngContext__={[Function LRootView]}
  error$={[Function Store]}
  pending$={[Function Store]}
  store={[Function MockStore]}
>
  <bc-login-form>
    <mat-card
      class="mat-card mat-focus-indicator _mat-animation-noopable"
    >
      <mat-card-title
        class="mat-card-title"
      >
        Login
      </mat-card-title>
      <mat-card-content
        class="mat-card-content"
      >
        <form
          class="ng-untouched ng-pristine ng-valid"
          novalidate=""
        >
          <p>
            <mat-form-field
              class="mat-form-field mat-primary mat-form-field-type-mat-input mat-form-field-appearance-legacy mat-form-field-can-float mat-form-field-should-float mat-form-field-has-label mat-form-field-hide-placeholder ng-untouched ng-pristine ng-valid _mat-animation-noopable"
            >
              <div
                class="mat-form-field-wrapper"
              >
                <div
                  class="mat-form-field-flex"
                >
                  <div
                    class="mat-form-field-infix"
                  >
                    <input
                      aria-invalid="false"
                      aria-required="false"
                      class="mat-input-element mat-form-field-autofill-control ng-untouched ng-pristine ng-valid cdk-text-field-autofill-monitored"
                      data-placeholder="Username"
                      formcontrolname="username"
                      matinput=""
                      type="text"
                    />
                    <span
                      class="mat-form-field-label-wrapper"
                    >
                      <label
                        class="mat-form-field-label"
                      >
                        <span>
                          Username
                        </span>
                      </label>
                    </span>
                  </div>
                </div>
                <div
                  class="mat-form-field-underline"
                >
                  <span
                    class="mat-form-field-ripple"
                  />
                </div>
                <div
                  class="mat-form-field-subscript-wrapper"
                >
                  <div
                    class="mat-form-field-hint-wrapper ng-trigger ng-trigger-transitionMessages"
                    style="opacity:1;transform:translateY(0%);0:opacity;1:transform;"
                  >
                    <div
                      class="mat-form-field-hint-spacer"
                    />
                  </div>
                </div>
              </div>
            </mat-form-field>
          </p>
          <p>
            <mat-form-field
              class="mat-form-field mat-primary mat-form-field-type-mat-input mat-form-field-appearance-legacy mat-form-field-can-float mat-form-field-has-label mat-form-field-hide-placeholder ng-untouched ng-pristine ng-valid _mat-animation-noopable"
            >
              <div
                class="mat-form-field-wrapper"
              >
                <div
                  class="mat-form-field-flex"
                >
                  <div
                    class="mat-form-field-infix"
                  >
                    <input
                      aria-invalid="false"
                      aria-required="false"
                      class="mat-input-element mat-form-field-autofill-control ng-untouched ng-pristine ng-valid cdk-text-field-autofill-monitored"
                      data-placeholder="Password"
                      formcontrolname="password"
                      matinput=""
                      type="password"
                    />
                    <span
                      class="mat-form-field-label-wrapper"
                    >
                      <label
                        class="mat-form-field-label mat-empty mat-form-field-empty"
                      >
                        <span>
                          Password
                        </span>
                      </label>
                    </span>
                  </div>
                </div>
                <div
                  class="mat-form-field-underline"
                >
                  <span
                    class="mat-form-field-ripple"
                  />
                </div>
                <div
                  class="mat-form-field-subscript-wrapper"
                >
                  <div
                    class="mat-form-field-hint-wrapper ng-trigger ng-trigger-transitionMessages"
                    style="opacity:1;transform:translateY(0%);0:opacity;1:transform;"
                  >
                    <div
                      class="mat-form-field-hint-spacer"
                    />
                  </div>
                </div>
              </div>
            </mat-form-field>
          </p>
          <p
            class="loginButtons"
          >
            <button
              class="mat-focus-indicator mat-button mat-button-base _mat-animation-noopable"
              mat-button=""
              type="submit"
            >
              <span
                class="mat-button-wrapper"
              >
                Login
              </span>
              <span
                class="mat-ripple mat-button-ripple"
                matripple=""
              />
              <span
                class="mat-button-focus-overlay"
              />
            </button>
          </p>
        </form>
      </mat-card-content>
    </mat-card>
  </bc-login-form>
</bc-login-page>
`;
