// Jest Snapshot v1, https://goo.gl/fbAQLP

exports[`Logout Confirmation Dialog should compile 1`] = `
<ng-component>
  <h2
    class="mat-dialog-title"
    mat-dialog-title=""
  >
    Logout
  </h2><mat-dialog-content
    class="mat-dialog-content"
  >
    Are you sure you want to logout?
  </mat-dialog-content><mat-dialog-actions
    class="mat-dialog-actions"
  >
    <button
      class="mat-focus-indicator mat-button mat-button-base"
      mat-button=""
      type="button"
    >
      <span
        class="mat-button-wrapper"
      >
        Cancel
      </span>
      <div
        class="mat-button-ripple mat-ripple"
        matripple=""
      />
      <div
        class="mat-button-focus-overlay"
      />
    </button>
    <button
      class="mat-focus-indicator mat-button mat-button-base"
      mat-button=""
      type="button"
    >
      <span
        class="mat-button-wrapper"
      >
        OK
      </span>
      <div
        class="mat-button-ripple mat-ripple"
        matripple=""
      />
      <div
        class="mat-button-focus-overlay"
      />
    </button>
  </mat-dialog-actions>
</ng-component>
`;
