// Jest Snapshot v1, https://goo.gl/fbAQLP

exports[`Find Book Page should compile 1`] = `
<bc-find-book-page
  books$={[Function Store]}
  error$={[Function Store]}
  loading$={[Function Store]}
  searchQuery$={[Function Store]}
  store={[Function Store]}
>
  
      <bc-book-search
    _nghost-c0=""
    ng-reflect-error=""
    ng-reflect-query=""
    ng-reflect-searching="false"
  >
    
      
    <mat-card
      _ngcontent-c0=""
      class="mat-card"
    >
      
        
      <mat-card-title
        _ngcontent-c0=""
        class="mat-card-title"
      >
        Find a Book
      </mat-card-title>
      
        
      <mat-card-content
        _ngcontent-c0=""
        class="mat-card-content"
      >
        
          
        <mat-input-container
          _ngcontent-c0=""
          class="mat-input-container mat-form-field ng-tns-c3-0 mat-primary mat-form-field-type-mat-input mat-form-field-can-float mat-form-field-hide-placeholder"
        >
          <div
            class="mat-input-wrapper mat-form-field-wrapper"
          >
            <div
              class="mat-input-flex mat-form-field-flex"
            >
              
              <div
                class="mat-input-infix mat-form-field-infix"
              >
                
            
                <input
                  _ngcontent-c0=""
                  aria-invalid="false"
                  aria-required="false"
                  class="mat-input-element mat-form-field-autofill-control"
                  id="mat-input-0"
                  matinput=""
                  ng-reflect-placeholder="Search for a book"
                  ng-reflect-value=""
                  placeholder="Search for a book"
                />
                
          
                <span
                  class="mat-form-field-label-wrapper mat-input-placeholder-wrapper mat-form-field-placeholder-wrapper"
                >
                  
                  <label
                    aria-owns="mat-input-0"
                    class="mat-form-field-label mat-input-placeholder mat-form-field-placeholder ng-tns-c3-0 mat-empty mat-form-field-empty ng-star-inserted"
                    for="mat-input-0"
                    ng-reflect-ng-switch="false"
                  >
                    
                    
                    Search for a book
                    
                    
                  </label>
                </span>
              </div>
              
            </div>
            <div
              class="mat-input-underline mat-form-field-underline"
            >
              <span
                class="mat-input-ripple mat-form-field-ripple"
              />
            </div>
            <div
              class="mat-input-subscript-wrapper mat-form-field-subscript-wrapper"
              ng-reflect-ng-switch="hint"
            >
              
              
              <div
                class="mat-input-hint-wrapper mat-form-field-hint-wrapper ng-tns-c3-0 ng-trigger ng-trigger-transitionMessages ng-star-inserted"
                style="opacity: 1;"
              >
                
                <div
                  class="mat-input-hint-spacer mat-form-field-hint-spacer"
                />
              </div>
            </div>
          </div>
        </mat-input-container>
        
          
        <mat-spinner
          _ngcontent-c0=""
          class="mat-spinner mat-progress-spinner mat-primary mat-progress-spinner-indeterminate-animation"
          mode="indeterminate"
          ng-reflect-diameter="30"
          ng-reflect-stroke-width="3"
          role="progressbar"
          style="width: 30px; height: 30px;"
        >
          <svg
            focusable="false"
            preserveAspectRatio="xMidYMid meet"
            style="width: 30px; height: 30px;"
            viewBox="0 0 23 23"
          >
            <circle
              cx="50%"
              cy="50%"
              r="10"
              style="stroke-dasharray: 62.83185307179586px; stroke-width: 10%;"
            />
          </svg>
        </mat-spinner>
        
        
      </mat-card-content>
      
        
      
      
      <mat-card-footer
        _ngcontent-c0=""
        class="mat-card-footer"
      >
        
      </mat-card-footer>
    </mat-card>
    
    
  </bc-book-search>
      <bc-book-preview-list
    _nghost-c1=""
    ng-reflect-books=""
  >
    
      
    
    
    
  </bc-book-preview-list>
    
</bc-find-book-page>
`;
