// Jest Snapshot v1, https://goo.gl/fbAQLP

exports[`Selected Book Page should compile 1`] = `
<bc-selected-book-page
  book$={[Function Store]}
  isSelectedBookInCollection$={[Function Store]}
  store={[Function Store]}
>
  
      <bc-book-detail
    _nghost-c0=""
    ng-reflect-in-collection="false"
  >
    
      
    
    
  
    
  </bc-book-detail>
    
</bc-selected-book-page>
`;
