// Jest Snapshot v1, https://goo.gl/fbAQLP

exports[`View Book Page should compile 1`] = `
<bc-view-book-page
  actionsSubscription={[Function Subscriber]}
>
  
      <bc-selected-book-page>
    
      
    <bc-book-detail
      _nghost-c0=""
    >
      
      
      
      
  
    
    </bc-book-detail>
    
    
  </bc-selected-book-page>
    
</bc-view-book-page>
`;
