// Jest Snapshot v1, https://goo.gl/fbAQLP

exports[`Find Book Page should compile 1`] = `
<bc-find-book-page
  __ngContext__={[Function LRootView]}
  books$={[Function Store]}
  error$={[Function Store]}
  loading$={[Function Store]}
  searchQuery$={[Function Store]}
  store={[Function MockStore]}
>
  <bc-book-search>
    <mat-card
      class="mat-card mat-focus-indicator _mat-animation-noopable"
    >
      <mat-card-title
        class="mat-card-title"
      >
        Find a Book
      </mat-card-title>
      <mat-card-content
        class="mat-card-content"
      >
        <mat-form-field
          class="mat-form-field mat-primary mat-form-field-type-mat-input mat-form-field-appearance-legacy mat-form-field-can-float mat-form-field-has-label mat-form-field-hide-placeholder _mat-animation-noopable"
        >
          <div
            class="mat-form-field-wrapper"
          >
            <div
              class="mat-form-field-flex"
            >
              <div
                class="mat-form-field-infix"
              >
                <input
                  aria-invalid="false"
                  aria-required="false"
                  class="mat-input-element mat-form-field-autofill-control cdk-text-field-autofill-monitored"
                  data-placeholder="Search for a book"
                  matinput=""
                />
                <span
                  class="mat-form-field-label-wrapper"
                >
                  <label
                    class="mat-form-field-label mat-empty mat-form-field-empty"
                  >
                    <span>
                      Search for a book
                    </span>
                  </label>
                </span>
              </div>
            </div>
            <div
              class="mat-form-field-underline"
            >
              <span
                class="mat-form-field-ripple"
              />
            </div>
            <div
              class="mat-form-field-subscript-wrapper"
            >
              <div
                class="mat-form-field-hint-wrapper ng-trigger ng-trigger-transitionMessages"
                style="opacity:1;transform:translateY(0%);0:opacity;1:transform;"
              >
                <div
                  class="mat-form-field-hint-spacer"
                />
              </div>
            </div>
          </div>
        </mat-form-field>
        <mat-spinner
          class="mat-spinner mat-progress-spinner mat-primary mat-progress-spinner-indeterminate-animation _mat-animation-noopable"
          mode="indeterminate"
          role="progressbar"
          style="width: 30px; height: 30px;"
          tabindex="-1"
        >
          <svg
            aria-hidden="true"
            focusable="false"
            preserveAspectRatio="xMidYMid meet"
            style="width: 30px; height: 30px;"
            viewBox="0 0 23 23"
          >
            <circle
              cx="50%"
              cy="50%"
              r="10"
              style="animation-name: mat-progress-spinner-stroke-rotate-30; stroke-dasharray: 62.83185307179586px; stroke-width: 10%;"
            />
          </svg>
        </mat-spinner>
      </mat-card-content>
      <mat-card-footer
        class="mat-card-footer"
      >
      </mat-card-footer>
    </mat-card>
  </bc-book-search><bc-book-preview-list>
  </bc-book-preview-list>
</bc-find-book-page>
`;
